Performing C SOURCE FILE Test CMAKE_HAVE_LIBC_PTHREAD failed with the following output:
Change Dir: /root/musicplayer/1.hardware/Player/build/CMakeFiles/CMakeTmp

Run Build Command(s):/usr/bin/make cmTC_12ba1/fast && /usr/bin/make -f CMakeFiles/cmTC_12ba1.dir/build.make CMakeFiles/cmTC_12ba1.dir/build
make[1]: Entering directory '/root/musicplayer/1.hardware/Player/build/CMakeFiles/CMakeTmp'
Building C object CMakeFiles/cmTC_12ba1.dir/src.c.o
/usr/bin/aarch64-linux-gnu-gcc   -DCMAKE_HAVE_LIBC_PTHREAD   -std=gnu11 -o CMakeFiles/cmTC_12ba1.dir/src.c.o   -c /root/musicplayer/1.hardware/Player/build/CMakeFiles/CMakeTmp/src.c
Linking C executable cmTC_12ba1
/usr/bin/cmake -E cmake_link_script CMakeFiles/cmTC_12ba1.dir/link.txt --verbose=1
/usr/bin/aarch64-linux-gnu-gcc  -DCMAKE_HAVE_LIBC_PTHREAD    CMakeFiles/cmTC_12ba1.dir/src.c.o  -o cmTC_12ba1 
/usr/lib/gcc-cross/aarch64-linux-gnu/9/../../../../aarch64-linux-gnu/bin/ld: CMakeFiles/cmTC_12ba1.dir/src.c.o: in function `main':
src.c:(.text+0x48): undefined reference to `pthread_create'
/usr/lib/gcc-cross/aarch64-linux-gnu/9/../../../../aarch64-linux-gnu/bin/ld: src.c:(.text+0x50): undefined reference to `pthread_detach'
/usr/lib/gcc-cross/aarch64-linux-gnu/9/../../../../aarch64-linux-gnu/bin/ld: src.c:(.text+0x5c): undefined reference to `pthread_join'
collect2: error: ld returned 1 exit status
make[1]: *** [CMakeFiles/cmTC_12ba1.dir/build.make:87: cmTC_12ba1] Error 1
make[1]: Leaving directory '/root/musicplayer/1.hardware/Player/build/CMakeFiles/CMakeTmp'
make: *** [Makefile:121: cmTC_12ba1/fast] Error 2


Source file was:
#include <pthread.h>

void* test_func(void* data)
{
  return data;
}

int main(void)
{
  pthread_t thread;
  pthread_create(&thread, NULL, test_func, NULL);
  pthread_detach(thread);
  pthread_join(thread, NULL);
  pthread_atfork(NULL, NULL, NULL);
  pthread_exit(NULL);

  return 0;
}

Determining if the function pthread_create exists in the pthreads failed with the following output:
Change Dir: /root/musicplayer/1.hardware/Player/build/CMakeFiles/CMakeTmp

Run Build Command(s):/usr/bin/make cmTC_467bb/fast && /usr/bin/make -f CMakeFiles/cmTC_467bb.dir/build.make CMakeFiles/cmTC_467bb.dir/build
make[1]: Entering directory '/root/musicplayer/1.hardware/Player/build/CMakeFiles/CMakeTmp'
Building C object CMakeFiles/cmTC_467bb.dir/CheckFunctionExists.c.o
/usr/bin/aarch64-linux-gnu-gcc   -DCHECK_FUNCTION_EXISTS=pthread_create   -std=gnu11 -o CMakeFiles/cmTC_467bb.dir/CheckFunctionExists.c.o   -c /usr/share/cmake-3.16/Modules/CheckFunctionExists.c
Linking C executable cmTC_467bb
/usr/bin/cmake -E cmake_link_script CMakeFiles/cmTC_467bb.dir/link.txt --verbose=1
/usr/bin/aarch64-linux-gnu-gcc  -DCHECK_FUNCTION_EXISTS=pthread_create    CMakeFiles/cmTC_467bb.dir/CheckFunctionExists.c.o  -o cmTC_467bb  -lpthreads 
/usr/lib/gcc-cross/aarch64-linux-gnu/9/../../../../aarch64-linux-gnu/bin/ld: cannot find -lpthreads
collect2: error: ld returned 1 exit status
make[1]: *** [CMakeFiles/cmTC_467bb.dir/build.make:87: cmTC_467bb] Error 1
make[1]: Leaving directory '/root/musicplayer/1.hardware/Player/build/CMakeFiles/CMakeTmp'
make: *** [Makefile:121: cmTC_467bb/fast] Error 2



